[
  {
    "torrent": "/home/chertkov/Projects/tlookup3/test/fixtures/t2/fixture2 - sourcefolder.torrent",
    "saveTo": "/home/chertkov/Projects/tlookup3/test/fixtures/t2"
  },
  {
    "torrent": "/home/chertkov/Projects/tlookup3/test/fixtures/t1/fixture1 - test1.txt.torrent",
    "saveTo": "/home/chertkov/Projects/tlookup3/test/fixtures/t1/sourcefile"
  }
]
